[2026-06-10T20:06:33.058+0000] {taskinstance.py:1956} INFO - Dependencies all met for dep_context=non-requeueable deps ti=<TaskInstance: ingest_football_matches.upload_parquet_to_gcs manual__2026-06-10T19:55:41.757378+00:00 [queued]>
[2026-06-10T20:06:33.069+0000] {taskinstance.py:1956} INFO - Dependencies all met for dep_context=requeueable deps ti=<TaskInstance: ingest_football_matches.upload_parquet_to_gcs manual__2026-06-10T19:55:41.757378+00:00 [queued]>
[2026-06-10T20:06:33.069+0000] {taskinstance.py:2170} INFO - Starting attempt 1 of 4
[2026-06-10T20:06:33.082+0000] {taskinstance.py:2191} INFO - Executing <Task(PythonOperator): upload_parquet_to_gcs> on 2026-06-10 19:55:41.757378+00:00
[2026-06-10T20:06:33.088+0000] {standard_task_runner.py:60} INFO - Started process 1459 to run task
[2026-06-10T20:06:33.091+0000] {standard_task_runner.py:87} INFO - Running: ['***', 'tasks', 'run', 'ingest_football_matches', 'upload_parquet_to_gcs', 'manual__2026-06-10T19:55:41.757378+00:00', '--job-id', '38', '--raw', '--subdir', 'DAGS_FOLDER/ingest_matches_dag.py', '--cfg-path', '/tmp/tmph8z085cd']
[2026-06-10T20:06:33.093+0000] {standard_task_runner.py:88} INFO - Job 38: Subtask upload_parquet_to_gcs
[2026-06-10T20:06:33.140+0000] {task_command.py:423} INFO - Running <TaskInstance: ingest_football_matches.upload_parquet_to_gcs manual__2026-06-10T19:55:41.757378+00:00 [running]> on host bfabdf7211b4
[2026-06-10T20:06:33.222+0000] {taskinstance.py:2480} INFO - Exporting env vars: AIRFLOW_CTX_DAG_OWNER='teeradon' AIRFLOW_CTX_DAG_ID='ingest_football_matches' AIRFLOW_CTX_TASK_ID='upload_parquet_to_gcs' AIRFLOW_CTX_EXECUTION_DATE='2026-06-10T19:55:41.757378+00:00' AIRFLOW_CTX_TRY_NUMBER='1' AIRFLOW_CTX_DAG_RUN_ID='manual__2026-06-10T19:55:41.757378+00:00'
[2026-06-10T20:06:33.772+0000] {ingest_matches_dag.py:154} INFO - Uploaded matches/matches_parquet_2026-06-10/._SUCCESS.crc
[2026-06-10T20:06:33.893+0000] {ingest_matches_dag.py:154} INFO - Uploaded matches/matches_parquet_2026-06-10/_SUCCESS
[2026-06-10T20:06:34.005+0000] {ingest_matches_dag.py:154} INFO - Uploaded matches/matches_parquet_2026-06-10/year=2025/month=10/part-00000-77742004-9a1e-4b7d-a81e-e12697257b43.c000.snappy.parquet
[2026-06-10T20:06:34.119+0000] {ingest_matches_dag.py:154} INFO - Uploaded matches/matches_parquet_2026-06-10/year=2025/month=10/.part-00000-77742004-9a1e-4b7d-a81e-e12697257b43.c000.snappy.parquet.crc
[2026-06-10T20:06:34.239+0000] {ingest_matches_dag.py:154} INFO - Uploaded matches/matches_parquet_2026-06-10/year=2025/month=11/part-00000-77742004-9a1e-4b7d-a81e-e12697257b43.c000.snappy.parquet
[2026-06-10T20:06:34.344+0000] {ingest_matches_dag.py:154} INFO - Uploaded matches/matches_parquet_2026-06-10/year=2025/month=11/.part-00000-77742004-9a1e-4b7d-a81e-e12697257b43.c000.snappy.parquet.crc
[2026-06-10T20:06:34.462+0000] {ingest_matches_dag.py:154} INFO - Uploaded matches/matches_parquet_2026-06-10/year=2025/month=12/part-00000-77742004-9a1e-4b7d-a81e-e12697257b43.c000.snappy.parquet
[2026-06-10T20:06:34.579+0000] {ingest_matches_dag.py:154} INFO - Uploaded matches/matches_parquet_2026-06-10/year=2025/month=12/.part-00000-77742004-9a1e-4b7d-a81e-e12697257b43.c000.snappy.parquet.crc
[2026-06-10T20:06:34.702+0000] {ingest_matches_dag.py:154} INFO - Uploaded matches/matches_parquet_2026-06-10/year=2025/month=8/part-00000-77742004-9a1e-4b7d-a81e-e12697257b43.c000.snappy.parquet
[2026-06-10T20:06:34.815+0000] {ingest_matches_dag.py:154} INFO - Uploaded matches/matches_parquet_2026-06-10/year=2025/month=8/.part-00000-77742004-9a1e-4b7d-a81e-e12697257b43.c000.snappy.parquet.crc
[2026-06-10T20:06:34.941+0000] {ingest_matches_dag.py:154} INFO - Uploaded matches/matches_parquet_2026-06-10/year=2025/month=9/part-00000-77742004-9a1e-4b7d-a81e-e12697257b43.c000.snappy.parquet
[2026-06-10T20:06:35.045+0000] {ingest_matches_dag.py:154} INFO - Uploaded matches/matches_parquet_2026-06-10/year=2025/month=9/.part-00000-77742004-9a1e-4b7d-a81e-e12697257b43.c000.snappy.parquet.crc
[2026-06-10T20:06:35.160+0000] {ingest_matches_dag.py:154} INFO - Uploaded matches/matches_parquet_2026-06-10/year=2026/month=2/part-00000-77742004-9a1e-4b7d-a81e-e12697257b43.c000.snappy.parquet
[2026-06-10T20:06:35.269+0000] {ingest_matches_dag.py:154} INFO - Uploaded matches/matches_parquet_2026-06-10/year=2026/month=2/.part-00000-77742004-9a1e-4b7d-a81e-e12697257b43.c000.snappy.parquet.crc
[2026-06-10T20:06:35.375+0000] {ingest_matches_dag.py:154} INFO - Uploaded matches/matches_parquet_2026-06-10/year=2026/month=4/.part-00000-5a4e4593-6608-4a27-9e3c-5e3ab911056b.c000.snappy.parquet.crc
[2026-06-10T20:06:35.494+0000] {ingest_matches_dag.py:154} INFO - Uploaded matches/matches_parquet_2026-06-10/year=2026/month=4/part-00000-77742004-9a1e-4b7d-a81e-e12697257b43.c000.snappy.parquet
[2026-06-10T20:06:35.611+0000] {ingest_matches_dag.py:154} INFO - Uploaded matches/matches_parquet_2026-06-10/year=2026/month=4/.part-00000-77742004-9a1e-4b7d-a81e-e12697257b43.c000.snappy.parquet.crc
[2026-06-10T20:06:35.721+0000] {ingest_matches_dag.py:154} INFO - Uploaded matches/matches_parquet_2026-06-10/year=2026/month=4/part-00000-5a4e4593-6608-4a27-9e3c-5e3ab911056b.c000.snappy.parquet
[2026-06-10T20:06:35.846+0000] {ingest_matches_dag.py:154} INFO - Uploaded matches/matches_parquet_2026-06-10/year=2026/month=1/part-00000-77742004-9a1e-4b7d-a81e-e12697257b43.c000.snappy.parquet
[2026-06-10T20:06:35.949+0000] {ingest_matches_dag.py:154} INFO - Uploaded matches/matches_parquet_2026-06-10/year=2026/month=1/.part-00000-77742004-9a1e-4b7d-a81e-e12697257b43.c000.snappy.parquet.crc
[2026-06-10T20:06:36.067+0000] {ingest_matches_dag.py:154} INFO - Uploaded matches/matches_parquet_2026-06-10/year=2026/month=3/.part-00000-5a4e4593-6608-4a27-9e3c-5e3ab911056b.c000.snappy.parquet.crc
[2026-06-10T20:06:36.189+0000] {ingest_matches_dag.py:154} INFO - Uploaded matches/matches_parquet_2026-06-10/year=2026/month=3/part-00000-77742004-9a1e-4b7d-a81e-e12697257b43.c000.snappy.parquet
[2026-06-10T20:06:36.308+0000] {ingest_matches_dag.py:154} INFO - Uploaded matches/matches_parquet_2026-06-10/year=2026/month=3/.part-00000-77742004-9a1e-4b7d-a81e-e12697257b43.c000.snappy.parquet.crc
[2026-06-10T20:06:36.426+0000] {ingest_matches_dag.py:154} INFO - Uploaded matches/matches_parquet_2026-06-10/year=2026/month=3/part-00000-5a4e4593-6608-4a27-9e3c-5e3ab911056b.c000.snappy.parquet
[2026-06-10T20:06:36.535+0000] {ingest_matches_dag.py:154} INFO - Uploaded matches/matches_parquet_2026-06-10/year=2026/month=5/.part-00000-5a4e4593-6608-4a27-9e3c-5e3ab911056b.c000.snappy.parquet.crc
[2026-06-10T20:06:36.646+0000] {ingest_matches_dag.py:154} INFO - Uploaded matches/matches_parquet_2026-06-10/year=2026/month=5/part-00000-77742004-9a1e-4b7d-a81e-e12697257b43.c000.snappy.parquet
[2026-06-10T20:06:36.761+0000] {ingest_matches_dag.py:154} INFO - Uploaded matches/matches_parquet_2026-06-10/year=2026/month=5/.part-00000-77742004-9a1e-4b7d-a81e-e12697257b43.c000.snappy.parquet.crc
[2026-06-10T20:06:36.881+0000] {ingest_matches_dag.py:154} INFO - Uploaded matches/matches_parquet_2026-06-10/year=2026/month=5/part-00000-5a4e4593-6608-4a27-9e3c-5e3ab911056b.c000.snappy.parquet
[2026-06-10T20:06:36.882+0000] {python.py:201} INFO - Done. Returned value was: None
[2026-06-10T20:06:36.894+0000] {taskinstance.py:1138} INFO - Marking task as SUCCESS. dag_id=ingest_football_matches, task_id=upload_parquet_to_gcs, execution_date=20260610T195541, start_date=20260610T200633, end_date=20260610T200636
[2026-06-10T20:06:36.936+0000] {local_task_job_runner.py:234} INFO - Task exited with return code 0
[2026-06-10T20:06:36.955+0000] {taskinstance.py:3280} INFO - 0 downstream tasks scheduled from follow-on schedule check
