[2026-06-10T20:02:51.731+0000] {taskinstance.py:1956} INFO - Dependencies all met for dep_context=non-requeueable deps ti=<TaskInstance: ingest_football_matches.upload_parquet_to_gcs manual__2026-06-10T20:02:32.225200+00:00 [queued]>
[2026-06-10T20:02:51.739+0000] {taskinstance.py:1956} INFO - Dependencies all met for dep_context=requeueable deps ti=<TaskInstance: ingest_football_matches.upload_parquet_to_gcs manual__2026-06-10T20:02:32.225200+00:00 [queued]>
[2026-06-10T20:02:51.740+0000] {taskinstance.py:2170} INFO - Starting attempt 1 of 4
[2026-06-10T20:02:51.786+0000] {taskinstance.py:2191} INFO - Executing <Task(PythonOperator): upload_parquet_to_gcs> on 2026-06-10 20:02:32.225200+00:00
[2026-06-10T20:02:51.792+0000] {standard_task_runner.py:60} INFO - Started process 827 to run task
[2026-06-10T20:02:51.795+0000] {standard_task_runner.py:87} INFO - Running: ['***', 'tasks', 'run', 'ingest_football_matches', 'upload_parquet_to_gcs', 'manual__2026-06-10T20:02:32.225200+00:00', '--job-id', '34', '--raw', '--subdir', 'DAGS_FOLDER/ingest_matches_dag.py', '--cfg-path', '/tmp/tmp3_v7v3ts']
[2026-06-10T20:02:51.797+0000] {standard_task_runner.py:88} INFO - Job 34: Subtask upload_parquet_to_gcs
[2026-06-10T20:02:51.843+0000] {task_command.py:423} INFO - Running <TaskInstance: ingest_football_matches.upload_parquet_to_gcs manual__2026-06-10T20:02:32.225200+00:00 [running]> on host bfabdf7211b4
[2026-06-10T20:02:51.930+0000] {taskinstance.py:2480} INFO - Exporting env vars: AIRFLOW_CTX_DAG_OWNER='teeradon' AIRFLOW_CTX_DAG_ID='ingest_football_matches' AIRFLOW_CTX_TASK_ID='upload_parquet_to_gcs' AIRFLOW_CTX_EXECUTION_DATE='2026-06-10T20:02:32.225200+00:00' AIRFLOW_CTX_TRY_NUMBER='1' AIRFLOW_CTX_DAG_RUN_ID='manual__2026-06-10T20:02:32.225200+00:00'
[2026-06-10T20:02:52.403+0000] {ingest_matches_dag.py:154} INFO - Uploaded matches/matches_parquet_2026-06-10/._SUCCESS.crc
[2026-06-10T20:02:52.509+0000] {ingest_matches_dag.py:154} INFO - Uploaded matches/matches_parquet_2026-06-10/_SUCCESS
[2026-06-10T20:02:52.644+0000] {ingest_matches_dag.py:154} INFO - Uploaded matches/matches_parquet_2026-06-10/year=2025/month=10/part-00000-98312c5e-fca4-4fac-9382-9ddcaee9ec40.c000.snappy.parquet
[2026-06-10T20:02:52.758+0000] {ingest_matches_dag.py:154} INFO - Uploaded matches/matches_parquet_2026-06-10/year=2025/month=10/.part-00000-98312c5e-fca4-4fac-9382-9ddcaee9ec40.c000.snappy.parquet.crc
[2026-06-10T20:02:52.875+0000] {ingest_matches_dag.py:154} INFO - Uploaded matches/matches_parquet_2026-06-10/year=2025/month=11/part-00000-98312c5e-fca4-4fac-9382-9ddcaee9ec40.c000.snappy.parquet
[2026-06-10T20:02:52.993+0000] {ingest_matches_dag.py:154} INFO - Uploaded matches/matches_parquet_2026-06-10/year=2025/month=11/.part-00000-98312c5e-fca4-4fac-9382-9ddcaee9ec40.c000.snappy.parquet.crc
[2026-06-10T20:02:53.122+0000] {ingest_matches_dag.py:154} INFO - Uploaded matches/matches_parquet_2026-06-10/year=2025/month=12/part-00000-98312c5e-fca4-4fac-9382-9ddcaee9ec40.c000.snappy.parquet
[2026-06-10T20:02:53.240+0000] {ingest_matches_dag.py:154} INFO - Uploaded matches/matches_parquet_2026-06-10/year=2025/month=12/.part-00000-98312c5e-fca4-4fac-9382-9ddcaee9ec40.c000.snappy.parquet.crc
[2026-06-10T20:02:53.362+0000] {ingest_matches_dag.py:154} INFO - Uploaded matches/matches_parquet_2026-06-10/year=2025/month=8/part-00000-98312c5e-fca4-4fac-9382-9ddcaee9ec40.c000.snappy.parquet
[2026-06-10T20:02:53.476+0000] {ingest_matches_dag.py:154} INFO - Uploaded matches/matches_parquet_2026-06-10/year=2025/month=8/.part-00000-98312c5e-fca4-4fac-9382-9ddcaee9ec40.c000.snappy.parquet.crc
[2026-06-10T20:02:53.595+0000] {ingest_matches_dag.py:154} INFO - Uploaded matches/matches_parquet_2026-06-10/year=2025/month=9/part-00000-98312c5e-fca4-4fac-9382-9ddcaee9ec40.c000.snappy.parquet
[2026-06-10T20:02:53.711+0000] {ingest_matches_dag.py:154} INFO - Uploaded matches/matches_parquet_2026-06-10/year=2025/month=9/.part-00000-98312c5e-fca4-4fac-9382-9ddcaee9ec40.c000.snappy.parquet.crc
[2026-06-10T20:02:53.824+0000] {ingest_matches_dag.py:154} INFO - Uploaded matches/matches_parquet_2026-06-10/year=2026/month=2/part-00000-98312c5e-fca4-4fac-9382-9ddcaee9ec40.c000.snappy.parquet
[2026-06-10T20:02:53.943+0000] {ingest_matches_dag.py:154} INFO - Uploaded matches/matches_parquet_2026-06-10/year=2026/month=2/.part-00000-98312c5e-fca4-4fac-9382-9ddcaee9ec40.c000.snappy.parquet.crc
[2026-06-10T20:02:54.056+0000] {ingest_matches_dag.py:154} INFO - Uploaded matches/matches_parquet_2026-06-10/year=2026/month=4/part-00000-98312c5e-fca4-4fac-9382-9ddcaee9ec40.c000.snappy.parquet
[2026-06-10T20:02:54.164+0000] {ingest_matches_dag.py:154} INFO - Uploaded matches/matches_parquet_2026-06-10/year=2026/month=4/.part-00000-98312c5e-fca4-4fac-9382-9ddcaee9ec40.c000.snappy.parquet.crc
[2026-06-10T20:02:54.285+0000] {ingest_matches_dag.py:154} INFO - Uploaded matches/matches_parquet_2026-06-10/year=2026/month=1/part-00000-98312c5e-fca4-4fac-9382-9ddcaee9ec40.c000.snappy.parquet
[2026-06-10T20:02:54.412+0000] {ingest_matches_dag.py:154} INFO - Uploaded matches/matches_parquet_2026-06-10/year=2026/month=1/.part-00000-98312c5e-fca4-4fac-9382-9ddcaee9ec40.c000.snappy.parquet.crc
[2026-06-10T20:02:54.537+0000] {ingest_matches_dag.py:154} INFO - Uploaded matches/matches_parquet_2026-06-10/year=2026/month=3/part-00000-98312c5e-fca4-4fac-9382-9ddcaee9ec40.c000.snappy.parquet
[2026-06-10T20:02:54.657+0000] {ingest_matches_dag.py:154} INFO - Uploaded matches/matches_parquet_2026-06-10/year=2026/month=3/.part-00000-98312c5e-fca4-4fac-9382-9ddcaee9ec40.c000.snappy.parquet.crc
[2026-06-10T20:02:54.773+0000] {ingest_matches_dag.py:154} INFO - Uploaded matches/matches_parquet_2026-06-10/year=2026/month=5/part-00000-98312c5e-fca4-4fac-9382-9ddcaee9ec40.c000.snappy.parquet
[2026-06-10T20:02:54.878+0000] {ingest_matches_dag.py:154} INFO - Uploaded matches/matches_parquet_2026-06-10/year=2026/month=5/.part-00000-98312c5e-fca4-4fac-9382-9ddcaee9ec40.c000.snappy.parquet.crc
[2026-06-10T20:02:54.879+0000] {python.py:201} INFO - Done. Returned value was: None
[2026-06-10T20:02:54.893+0000] {taskinstance.py:1138} INFO - Marking task as SUCCESS. dag_id=ingest_football_matches, task_id=upload_parquet_to_gcs, execution_date=20260610T200232, start_date=20260610T200251, end_date=20260610T200254
[2026-06-10T20:02:54.941+0000] {local_task_job_runner.py:234} INFO - Task exited with return code 0
[2026-06-10T20:02:54.962+0000] {taskinstance.py:3280} INFO - 0 downstream tasks scheduled from follow-on schedule check
