[2026-06-10T20:21:39.794+0000] {taskinstance.py:1956} INFO - Dependencies all met for dep_context=non-requeueable deps ti=<TaskInstance: ingest_football_matches.upload_parquet_to_gcs manual__2026-06-10T20:21:13.476305+00:00 [queued]>
[2026-06-10T20:21:39.807+0000] {taskinstance.py:1956} INFO - Dependencies all met for dep_context=requeueable deps ti=<TaskInstance: ingest_football_matches.upload_parquet_to_gcs manual__2026-06-10T20:21:13.476305+00:00 [queued]>
[2026-06-10T20:21:39.808+0000] {taskinstance.py:2170} INFO - Starting attempt 1 of 4
[2026-06-10T20:21:39.822+0000] {taskinstance.py:2191} INFO - Executing <Task(PythonOperator): upload_parquet_to_gcs> on 2026-06-10 20:21:13.476305+00:00
[2026-06-10T20:21:39.828+0000] {standard_task_runner.py:60} INFO - Started process 546 to run task
[2026-06-10T20:21:39.830+0000] {standard_task_runner.py:87} INFO - Running: ['***', 'tasks', 'run', 'ingest_football_matches', 'upload_parquet_to_gcs', 'manual__2026-06-10T20:21:13.476305+00:00', '--job-id', '44', '--raw', '--subdir', 'DAGS_FOLDER/ingest_matches_dag.py', '--cfg-path', '/tmp/tmp7ljiry3f']
[2026-06-10T20:21:39.832+0000] {standard_task_runner.py:88} INFO - Job 44: Subtask upload_parquet_to_gcs
[2026-06-10T20:21:39.884+0000] {task_command.py:423} INFO - Running <TaskInstance: ingest_football_matches.upload_parquet_to_gcs manual__2026-06-10T20:21:13.476305+00:00 [running]> on host d1ed0a07be79
[2026-06-10T20:21:39.972+0000] {taskinstance.py:2480} INFO - Exporting env vars: AIRFLOW_CTX_DAG_OWNER='teeradon' AIRFLOW_CTX_DAG_ID='ingest_football_matches' AIRFLOW_CTX_TASK_ID='upload_parquet_to_gcs' AIRFLOW_CTX_EXECUTION_DATE='2026-06-10T20:21:13.476305+00:00' AIRFLOW_CTX_TRY_NUMBER='1' AIRFLOW_CTX_DAG_RUN_ID='manual__2026-06-10T20:21:13.476305+00:00'
[2026-06-10T20:21:40.487+0000] {ingest_matches_dag.py:154} INFO - Uploaded matches/matches_parquet_2026-06-10/._SUCCESS.crc
[2026-06-10T20:21:40.601+0000] {ingest_matches_dag.py:154} INFO - Uploaded matches/matches_parquet_2026-06-10/_SUCCESS
[2026-06-10T20:21:40.723+0000] {ingest_matches_dag.py:154} INFO - Uploaded matches/matches_parquet_2026-06-10/year=2025/month=10/.part-00000-e25042b6-e22c-4844-98d2-9920aa9dc4b1.c000.snappy.parquet.crc
[2026-06-10T20:21:40.840+0000] {ingest_matches_dag.py:154} INFO - Uploaded matches/matches_parquet_2026-06-10/year=2025/month=10/part-00000-e25042b6-e22c-4844-98d2-9920aa9dc4b1.c000.snappy.parquet
[2026-06-10T20:21:40.955+0000] {ingest_matches_dag.py:154} INFO - Uploaded matches/matches_parquet_2026-06-10/year=2025/month=11/.part-00000-e25042b6-e22c-4844-98d2-9920aa9dc4b1.c000.snappy.parquet.crc
[2026-06-10T20:21:41.078+0000] {ingest_matches_dag.py:154} INFO - Uploaded matches/matches_parquet_2026-06-10/year=2025/month=11/part-00000-e25042b6-e22c-4844-98d2-9920aa9dc4b1.c000.snappy.parquet
[2026-06-10T20:21:41.202+0000] {ingest_matches_dag.py:154} INFO - Uploaded matches/matches_parquet_2026-06-10/year=2025/month=12/.part-00000-e25042b6-e22c-4844-98d2-9920aa9dc4b1.c000.snappy.parquet.crc
[2026-06-10T20:21:41.323+0000] {ingest_matches_dag.py:154} INFO - Uploaded matches/matches_parquet_2026-06-10/year=2025/month=12/part-00000-e25042b6-e22c-4844-98d2-9920aa9dc4b1.c000.snappy.parquet
[2026-06-10T20:21:41.441+0000] {ingest_matches_dag.py:154} INFO - Uploaded matches/matches_parquet_2026-06-10/year=2025/month=8/.part-00000-e25042b6-e22c-4844-98d2-9920aa9dc4b1.c000.snappy.parquet.crc
[2026-06-10T20:21:41.564+0000] {ingest_matches_dag.py:154} INFO - Uploaded matches/matches_parquet_2026-06-10/year=2025/month=8/part-00000-e25042b6-e22c-4844-98d2-9920aa9dc4b1.c000.snappy.parquet
[2026-06-10T20:21:41.680+0000] {ingest_matches_dag.py:154} INFO - Uploaded matches/matches_parquet_2026-06-10/year=2025/month=9/.part-00000-e25042b6-e22c-4844-98d2-9920aa9dc4b1.c000.snappy.parquet.crc
[2026-06-10T20:21:41.803+0000] {ingest_matches_dag.py:154} INFO - Uploaded matches/matches_parquet_2026-06-10/year=2025/month=9/part-00000-e25042b6-e22c-4844-98d2-9920aa9dc4b1.c000.snappy.parquet
[2026-06-10T20:21:41.915+0000] {ingest_matches_dag.py:154} INFO - Uploaded matches/matches_parquet_2026-06-10/year=2026/month=2/.part-00000-e25042b6-e22c-4844-98d2-9920aa9dc4b1.c000.snappy.parquet.crc
[2026-06-10T20:21:42.035+0000] {ingest_matches_dag.py:154} INFO - Uploaded matches/matches_parquet_2026-06-10/year=2026/month=2/part-00000-e25042b6-e22c-4844-98d2-9920aa9dc4b1.c000.snappy.parquet
[2026-06-10T20:21:42.147+0000] {ingest_matches_dag.py:154} INFO - Uploaded matches/matches_parquet_2026-06-10/year=2026/month=4/.part-00000-e25042b6-e22c-4844-98d2-9920aa9dc4b1.c000.snappy.parquet.crc
[2026-06-10T20:21:42.292+0000] {ingest_matches_dag.py:154} INFO - Uploaded matches/matches_parquet_2026-06-10/year=2026/month=4/part-00000-e25042b6-e22c-4844-98d2-9920aa9dc4b1.c000.snappy.parquet
[2026-06-10T20:21:42.412+0000] {ingest_matches_dag.py:154} INFO - Uploaded matches/matches_parquet_2026-06-10/year=2026/month=1/.part-00000-e25042b6-e22c-4844-98d2-9920aa9dc4b1.c000.snappy.parquet.crc
[2026-06-10T20:21:42.537+0000] {ingest_matches_dag.py:154} INFO - Uploaded matches/matches_parquet_2026-06-10/year=2026/month=1/part-00000-e25042b6-e22c-4844-98d2-9920aa9dc4b1.c000.snappy.parquet
[2026-06-10T20:21:42.645+0000] {ingest_matches_dag.py:154} INFO - Uploaded matches/matches_parquet_2026-06-10/year=2026/month=3/.part-00000-e25042b6-e22c-4844-98d2-9920aa9dc4b1.c000.snappy.parquet.crc
[2026-06-10T20:21:42.769+0000] {ingest_matches_dag.py:154} INFO - Uploaded matches/matches_parquet_2026-06-10/year=2026/month=3/part-00000-e25042b6-e22c-4844-98d2-9920aa9dc4b1.c000.snappy.parquet
[2026-06-10T20:21:42.875+0000] {ingest_matches_dag.py:154} INFO - Uploaded matches/matches_parquet_2026-06-10/year=2026/month=5/.part-00000-e25042b6-e22c-4844-98d2-9920aa9dc4b1.c000.snappy.parquet.crc
[2026-06-10T20:21:42.998+0000] {ingest_matches_dag.py:154} INFO - Uploaded matches/matches_parquet_2026-06-10/year=2026/month=5/part-00000-e25042b6-e22c-4844-98d2-9920aa9dc4b1.c000.snappy.parquet
[2026-06-10T20:21:42.999+0000] {python.py:201} INFO - Done. Returned value was: None
[2026-06-10T20:21:43.012+0000] {taskinstance.py:1138} INFO - Marking task as SUCCESS. dag_id=ingest_football_matches, task_id=upload_parquet_to_gcs, execution_date=20260610T202113, start_date=20260610T202139, end_date=20260610T202143
[2026-06-10T20:21:43.056+0000] {local_task_job_runner.py:234} INFO - Task exited with return code 0
[2026-06-10T20:21:43.079+0000] {taskinstance.py:3280} INFO - 1 downstream tasks scheduled from follow-on schedule check
