[2026-06-10T20:23:01.121+0000] {taskinstance.py:1956} INFO - Dependencies all met for dep_context=non-requeueable deps ti=<TaskInstance: ingest_football_matches.load_to_bigquery manual__2026-06-10T20:21:13.476305+00:00 [queued]>
[2026-06-10T20:23:01.129+0000] {taskinstance.py:1956} INFO - Dependencies all met for dep_context=requeueable deps ti=<TaskInstance: ingest_football_matches.load_to_bigquery manual__2026-06-10T20:21:13.476305+00:00 [queued]>
[2026-06-10T20:23:01.130+0000] {taskinstance.py:2170} INFO - Starting attempt 2 of 5
[2026-06-10T20:23:01.141+0000] {taskinstance.py:2191} INFO - Executing <Task(PythonOperator): load_to_bigquery> on 2026-06-10 20:21:13.476305+00:00
[2026-06-10T20:23:01.147+0000] {standard_task_runner.py:60} INFO - Started process 573 to run task
[2026-06-10T20:23:01.151+0000] {standard_task_runner.py:87} INFO - Running: ['***', 'tasks', 'run', 'ingest_football_matches', 'load_to_bigquery', 'manual__2026-06-10T20:21:13.476305+00:00', '--job-id', '46', '--raw', '--subdir', 'DAGS_FOLDER/ingest_matches_dag.py', '--cfg-path', '/tmp/tmpd46idko7']
[2026-06-10T20:23:01.153+0000] {standard_task_runner.py:88} INFO - Job 46: Subtask load_to_bigquery
[2026-06-10T20:23:01.210+0000] {task_command.py:423} INFO - Running <TaskInstance: ingest_football_matches.load_to_bigquery manual__2026-06-10T20:21:13.476305+00:00 [running]> on host d1ed0a07be79
[2026-06-10T20:23:01.300+0000] {taskinstance.py:2480} INFO - Exporting env vars: AIRFLOW_CTX_DAG_OWNER='teeradon' AIRFLOW_CTX_DAG_ID='ingest_football_matches' AIRFLOW_CTX_TASK_ID='load_to_bigquery' AIRFLOW_CTX_EXECUTION_DATE='2026-06-10T20:21:13.476305+00:00' AIRFLOW_CTX_TRY_NUMBER='2' AIRFLOW_CTX_DAG_RUN_ID='manual__2026-06-10T20:21:13.476305+00:00'
[2026-06-10T20:23:02.886+0000] {taskinstance.py:2698} ERROR - Task failed with exception
Traceback (most recent call last):
  File "/home/airflow/.local/lib/python3.8/site-packages/airflow/models/taskinstance.py", line 433, in _execute_task
    result = execute_callable(context=context, **execute_callable_kwargs)
  File "/home/airflow/.local/lib/python3.8/site-packages/airflow/operators/python.py", line 199, in execute
    return_value = self.execute_callable()
  File "/home/airflow/.local/lib/python3.8/site-packages/airflow/operators/python.py", line 216, in execute_callable
    return self.python_callable(*self.op_args, **self.op_kwargs)
  File "/opt/airflow/dags/ingest_matches_dag.py", line 227, in load_to_bigquery
    load_job.result()
  File "/home/airflow/.local/lib/python3.8/site-packages/google/cloud/bigquery/job/base.py", line 971, in result
    return super(_AsyncJob, self).result(timeout=timeout, **kwargs)
  File "/home/airflow/.local/lib/python3.8/site-packages/google/api_core/future/polling.py", line 261, in result
    raise self._exception
google.api_core.exceptions.NotFound: 404 Not found: Uris gs://football-processed-zone-bangkok-football/matches/matches_parquet_2026-06-10/**.parquet; reason: notFound, message: Not found: Uris gs://football-processed-zone-bangkok-football/matches/matches_parquet_2026-06-10/**.parquet
[2026-06-10T20:23:02.902+0000] {taskinstance.py:1138} INFO - Marking task as UP_FOR_RETRY. dag_id=ingest_football_matches, task_id=load_to_bigquery, execution_date=20260610T202113, start_date=20260610T202301, end_date=20260610T202302
[2026-06-10T20:23:02.998+0000] {standard_task_runner.py:107} ERROR - Failed to execute job 46 for task load_to_bigquery (404 Not found: Uris gs://football-processed-zone-bangkok-football/matches/matches_parquet_2026-06-10/**.parquet; reason: notFound, message: Not found: Uris gs://football-processed-zone-bangkok-football/matches/matches_parquet_2026-06-10/**.parquet; 573)
[2026-06-10T20:23:03.036+0000] {local_task_job_runner.py:234} INFO - Task exited with return code 1
[2026-06-10T20:23:03.057+0000] {taskinstance.py:3280} INFO - 0 downstream tasks scheduled from follow-on schedule check
