[2026-06-10T20:21:43.653+0000] {taskinstance.py:1956} INFO - Dependencies all met for dep_context=non-requeueable deps ti=<TaskInstance: ingest_football_matches.load_to_bigquery manual__2026-06-10T20:21:13.476305+00:00 [queued]>
[2026-06-10T20:21:43.661+0000] {taskinstance.py:1956} INFO - Dependencies all met for dep_context=requeueable deps ti=<TaskInstance: ingest_football_matches.load_to_bigquery manual__2026-06-10T20:21:13.476305+00:00 [queued]>
[2026-06-10T20:21:43.662+0000] {taskinstance.py:2170} INFO - Starting attempt 1 of 4
[2026-06-10T20:21:43.673+0000] {taskinstance.py:2191} INFO - Executing <Task(PythonOperator): load_to_bigquery> on 2026-06-10 20:21:13.476305+00:00
[2026-06-10T20:21:43.679+0000] {standard_task_runner.py:60} INFO - Started process 549 to run task
[2026-06-10T20:21:43.683+0000] {standard_task_runner.py:87} INFO - Running: ['***', 'tasks', 'run', 'ingest_football_matches', 'load_to_bigquery', 'manual__2026-06-10T20:21:13.476305+00:00', '--job-id', '45', '--raw', '--subdir', 'DAGS_FOLDER/ingest_matches_dag.py', '--cfg-path', '/tmp/tmpvzl2ot09']
[2026-06-10T20:21:43.685+0000] {standard_task_runner.py:88} INFO - Job 45: Subtask load_to_bigquery
[2026-06-10T20:21:43.738+0000] {task_command.py:423} INFO - Running <TaskInstance: ingest_football_matches.load_to_bigquery manual__2026-06-10T20:21:13.476305+00:00 [running]> on host d1ed0a07be79
[2026-06-10T20:21:43.830+0000] {taskinstance.py:2480} INFO - Exporting env vars: AIRFLOW_CTX_DAG_OWNER='teeradon' AIRFLOW_CTX_DAG_ID='ingest_football_matches' AIRFLOW_CTX_TASK_ID='load_to_bigquery' AIRFLOW_CTX_EXECUTION_DATE='2026-06-10T20:21:13.476305+00:00' AIRFLOW_CTX_TRY_NUMBER='1' AIRFLOW_CTX_DAG_RUN_ID='manual__2026-06-10T20:21:13.476305+00:00'
[2026-06-10T20:22:06.090+0000] {connectionpool.py:824} WARNING - Retrying (Retry(total=2, connect=None, read=None, redirect=None, status=None)) after connection broken by 'NewConnectionError('<urllib3.connection.HTTPSConnection object at 0x79f90883b3a0>: Failed to establish a new connection: [Errno 101] Network is unreachable')': /token
[2026-06-10T20:22:10.308+0000] {taskinstance.py:2698} ERROR - Task failed with exception
Traceback (most recent call last):
  File "/home/airflow/.local/lib/python3.8/site-packages/airflow/models/taskinstance.py", line 433, in _execute_task
    result = execute_callable(context=context, **execute_callable_kwargs)
  File "/home/airflow/.local/lib/python3.8/site-packages/airflow/operators/python.py", line 199, in execute
    return_value = self.execute_callable()
  File "/home/airflow/.local/lib/python3.8/site-packages/airflow/operators/python.py", line 216, in execute_callable
    return self.python_callable(*self.op_args, **self.op_kwargs)
  File "/opt/airflow/dags/ingest_matches_dag.py", line 233, in load_to_bigquery
    load_job.result()  # รอจน job เสร็จ
  File "/home/airflow/.local/lib/python3.8/site-packages/google/cloud/bigquery/job/base.py", line 971, in result
    return super(_AsyncJob, self).result(timeout=timeout, **kwargs)
  File "/home/airflow/.local/lib/python3.8/site-packages/google/api_core/future/polling.py", line 261, in result
    raise self._exception
google.api_core.exceptions.NotFound: 404 Not found: Uris gs://football-processed-zone-bangkok-football/matches/matches_parquet_2026-06-10/*/*.parquet; reason: notFound, message: Not found: Uris gs://football-processed-zone-bangkok-football/matches/matches_parquet_2026-06-10/*/*.parquet
[2026-06-10T20:22:10.321+0000] {taskinstance.py:1138} INFO - Marking task as UP_FOR_RETRY. dag_id=ingest_football_matches, task_id=load_to_bigquery, execution_date=20260610T202113, start_date=20260610T202143, end_date=20260610T202210
[2026-06-10T20:22:10.341+0000] {standard_task_runner.py:107} ERROR - Failed to execute job 45 for task load_to_bigquery (404 Not found: Uris gs://football-processed-zone-bangkok-football/matches/matches_parquet_2026-06-10/*/*.parquet; reason: notFound, message: Not found: Uris gs://football-processed-zone-bangkok-football/matches/matches_parquet_2026-06-10/*/*.parquet; 549)
[2026-06-10T20:22:10.391+0000] {local_task_job_runner.py:234} INFO - Task exited with return code 1
[2026-06-10T20:22:10.409+0000] {taskinstance.py:3280} INFO - 0 downstream tasks scheduled from follow-on schedule check
