[2026-06-10T20:01:12.982+0000] {taskinstance.py:1956} INFO - Dependencies all met for dep_context=non-requeueable deps ti=<TaskInstance: ingest_football_matches.spark_clean_matches manual__2026-06-10T19:55:41.757378+00:00 [queued]>
[2026-06-10T20:01:12.991+0000] {taskinstance.py:1956} INFO - Dependencies all met for dep_context=requeueable deps ti=<TaskInstance: ingest_football_matches.spark_clean_matches manual__2026-06-10T19:55:41.757378+00:00 [queued]>
[2026-06-10T20:01:12.992+0000] {taskinstance.py:2170} INFO - Starting attempt 2 of 4
[2026-06-10T20:01:13.005+0000] {taskinstance.py:2191} INFO - Executing <Task(PythonOperator): spark_clean_matches> on 2026-06-10 19:55:41.757378+00:00
[2026-06-10T20:01:13.011+0000] {standard_task_runner.py:60} INFO - Started process 182 to run task
[2026-06-10T20:01:13.015+0000] {standard_task_runner.py:87} INFO - Running: ['***', 'tasks', 'run', 'ingest_football_matches', 'spark_clean_matches', 'manual__2026-06-10T19:55:41.757378+00:00', '--job-id', '28', '--raw', '--subdir', 'DAGS_FOLDER/ingest_matches_dag.py', '--cfg-path', '/tmp/tmph_lzbtmo']
[2026-06-10T20:01:13.017+0000] {standard_task_runner.py:88} INFO - Job 28: Subtask spark_clean_matches
[2026-06-10T20:01:13.069+0000] {task_command.py:423} INFO - Running <TaskInstance: ingest_football_matches.spark_clean_matches manual__2026-06-10T19:55:41.757378+00:00 [running]> on host bfabdf7211b4
[2026-06-10T20:01:13.161+0000] {taskinstance.py:2480} INFO - Exporting env vars: AIRFLOW_CTX_DAG_OWNER='teeradon' AIRFLOW_CTX_DAG_ID='ingest_football_matches' AIRFLOW_CTX_TASK_ID='spark_clean_matches' AIRFLOW_CTX_EXECUTION_DATE='2026-06-10T19:55:41.757378+00:00' AIRFLOW_CTX_TRY_NUMBER='2' AIRFLOW_CTX_DAG_RUN_ID='manual__2026-06-10T19:55:41.757378+00:00'
[2026-06-10T20:01:20.251+0000] {taskinstance.py:2698} ERROR - Task failed with exception
Traceback (most recent call last):
  File "/home/airflow/.local/lib/python3.8/site-packages/airflow/models/taskinstance.py", line 433, in _execute_task
    result = execute_callable(context=context, **execute_callable_kwargs)
  File "/home/airflow/.local/lib/python3.8/site-packages/airflow/operators/python.py", line 199, in execute
    return_value = self.execute_callable()
  File "/home/airflow/.local/lib/python3.8/site-packages/airflow/operators/python.py", line 216, in execute_callable
    return self.python_callable(*self.op_args, **self.op_kwargs)
  File "/opt/airflow/dags/ingest_matches_dag.py", line 181, in run_spark_job
    df_raw = spark.read.option("multiline", "true").json(local_json_path)
  File "/home/airflow/.local/lib/python3.8/site-packages/pyspark/sql/readwriter.py", line 425, in json
    return self._df(self._jreader.json(self._spark._sc._jvm.PythonUtils.toSeq(path)))
  File "/home/airflow/.local/lib/python3.8/site-packages/py4j/java_gateway.py", line 1322, in __call__
    return_value = get_return_value(
  File "/home/airflow/.local/lib/python3.8/site-packages/pyspark/errors/exceptions/captured.py", line 185, in deco
    raise converted from None
pyspark.errors.exceptions.captured.AnalysisException: [PATH_NOT_FOUND] Path does not exist: file:/tmp/matches_2026-06-10.json.
[2026-06-10T20:01:20.284+0000] {taskinstance.py:1138} INFO - Marking task as UP_FOR_RETRY. dag_id=ingest_football_matches, task_id=spark_clean_matches, execution_date=20260610T195541, start_date=20260610T200112, end_date=20260610T200120
[2026-06-10T20:01:20.306+0000] {standard_task_runner.py:107} ERROR - Failed to execute job 28 for task spark_clean_matches ([PATH_NOT_FOUND] Path does not exist: file:/tmp/matches_2026-06-10.json.; 182)
[2026-06-10T20:01:20.355+0000] {local_task_job_runner.py:234} INFO - Task exited with return code 1
[2026-06-10T20:01:20.391+0000] {taskinstance.py:3280} INFO - 0 downstream tasks scheduled from follow-on schedule check
