[2026-06-10T19:09:16.478+0000] {taskinstance.py:1956} INFO - Dependencies all met for dep_context=non-requeueable deps ti=<TaskInstance: ingest_football_matches.upload_to_gcs manual__2026-06-10T19:09:14.196247+00:00 [queued]>
[2026-06-10T19:09:16.487+0000] {taskinstance.py:1956} INFO - Dependencies all met for dep_context=requeueable deps ti=<TaskInstance: ingest_football_matches.upload_to_gcs manual__2026-06-10T19:09:14.196247+00:00 [queued]>
[2026-06-10T19:09:16.487+0000] {taskinstance.py:2170} INFO - Starting attempt 1 of 4
[2026-06-10T19:09:16.499+0000] {taskinstance.py:2191} INFO - Executing <Task(PythonOperator): upload_to_gcs> on 2026-06-10 19:09:14.196247+00:00
[2026-06-10T19:09:16.505+0000] {standard_task_runner.py:60} INFO - Started process 191 to run task
[2026-06-10T19:09:16.508+0000] {standard_task_runner.py:87} INFO - Running: ['***', 'tasks', 'run', 'ingest_football_matches', 'upload_to_gcs', 'manual__2026-06-10T19:09:14.196247+00:00', '--job-id', '10', '--raw', '--subdir', 'DAGS_FOLDER/ingest_matches_dag.py', '--cfg-path', '/tmp/tmpu86pbzh_']
[2026-06-10T19:09:16.510+0000] {standard_task_runner.py:88} INFO - Job 10: Subtask upload_to_gcs
[2026-06-10T19:09:16.563+0000] {task_command.py:423} INFO - Running <TaskInstance: ingest_football_matches.upload_to_gcs manual__2026-06-10T19:09:14.196247+00:00 [running]> on host 18e90a2b6b81
[2026-06-10T19:09:16.641+0000] {taskinstance.py:2480} INFO - Exporting env vars: AIRFLOW_CTX_DAG_OWNER='teeradon' AIRFLOW_CTX_DAG_ID='ingest_football_matches' AIRFLOW_CTX_TASK_ID='upload_to_gcs' AIRFLOW_CTX_EXECUTION_DATE='2026-06-10T19:09:14.196247+00:00' AIRFLOW_CTX_TRY_NUMBER='1' AIRFLOW_CTX_DAG_RUN_ID='manual__2026-06-10T19:09:14.196247+00:00'
[2026-06-10T19:09:16.740+0000] {_default.py:683} WARNING - No project ID could be determined. Consider running `gcloud config set project` or setting the GOOGLE_CLOUD_PROJECT environment variable
[2026-06-10T19:09:16.742+0000] {taskinstance.py:2698} ERROR - Task failed with exception
Traceback (most recent call last):
  File "/home/airflow/.local/lib/python3.8/site-packages/airflow/models/taskinstance.py", line 433, in _execute_task
    result = execute_callable(context=context, **execute_callable_kwargs)
  File "/home/airflow/.local/lib/python3.8/site-packages/airflow/operators/python.py", line 199, in execute
    return_value = self.execute_callable()
  File "/home/airflow/.local/lib/python3.8/site-packages/airflow/operators/python.py", line 216, in execute_callable
    return self.python_callable(*self.op_args, **self.op_kwargs)
  File "/opt/airflow/dags/ingest_matches_dag.py", line 96, in upload_to_gcs
    client = storage.Client()
  File "/home/airflow/.local/lib/python3.8/site-packages/google/cloud/storage/client.py", line 172, in __init__
    super(Client, self).__init__(
  File "/home/airflow/.local/lib/python3.8/site-packages/google/cloud/client/__init__.py", line 320, in __init__
    _ClientProjectMixin.__init__(self, project=project, credentials=credentials)
  File "/home/airflow/.local/lib/python3.8/site-packages/google/cloud/client/__init__.py", line 271, in __init__
    raise EnvironmentError(
OSError: Project was not passed and could not be determined from the environment.
[2026-06-10T19:09:16.756+0000] {taskinstance.py:1138} INFO - Marking task as UP_FOR_RETRY. dag_id=ingest_football_matches, task_id=upload_to_gcs, execution_date=20260610T190914, start_date=20260610T190916, end_date=20260610T190916
[2026-06-10T19:09:16.773+0000] {standard_task_runner.py:107} ERROR - Failed to execute job 10 for task upload_to_gcs (Project was not passed and could not be determined from the environment.; 191)
[2026-06-10T19:09:16.806+0000] {local_task_job_runner.py:234} INFO - Task exited with return code 1
[2026-06-10T19:09:16.830+0000] {taskinstance.py:3280} INFO - 0 downstream tasks scheduled from follow-on schedule check
