[2026-06-10T20:23:34.543+0000] {taskinstance.py:1956} INFO - Dependencies all met for dep_context=non-requeueable deps ti=<TaskInstance: ingest_football_matches.upload_parquet_to_gcs manual__2026-06-10T20:23:16.202398+00:00 [queued]>
[2026-06-10T20:23:34.554+0000] {taskinstance.py:1956} INFO - Dependencies all met for dep_context=requeueable deps ti=<TaskInstance: ingest_football_matches.upload_parquet_to_gcs manual__2026-06-10T20:23:16.202398+00:00 [queued]>
[2026-06-10T20:23:34.554+0000] {taskinstance.py:2170} INFO - Starting attempt 1 of 4
[2026-06-10T20:23:34.570+0000] {taskinstance.py:2191} INFO - Executing <Task(PythonOperator): upload_parquet_to_gcs> on 2026-06-10 20:23:16.202398+00:00
[2026-06-10T20:23:34.576+0000] {standard_task_runner.py:60} INFO - Started process 894 to run task
[2026-06-10T20:23:34.579+0000] {standard_task_runner.py:87} INFO - Running: ['***', 'tasks', 'run', 'ingest_football_matches', 'upload_parquet_to_gcs', 'manual__2026-06-10T20:23:16.202398+00:00', '--job-id', '51', '--raw', '--subdir', 'DAGS_FOLDER/ingest_matches_dag.py', '--cfg-path', '/tmp/tmp2ipzqyzf']
[2026-06-10T20:23:34.581+0000] {standard_task_runner.py:88} INFO - Job 51: Subtask upload_parquet_to_gcs
[2026-06-10T20:23:34.637+0000] {task_command.py:423} INFO - Running <TaskInstance: ingest_football_matches.upload_parquet_to_gcs manual__2026-06-10T20:23:16.202398+00:00 [running]> on host d1ed0a07be79
[2026-06-10T20:23:34.730+0000] {taskinstance.py:2480} INFO - Exporting env vars: AIRFLOW_CTX_DAG_OWNER='teeradon' AIRFLOW_CTX_DAG_ID='ingest_football_matches' AIRFLOW_CTX_TASK_ID='upload_parquet_to_gcs' AIRFLOW_CTX_EXECUTION_DATE='2026-06-10T20:23:16.202398+00:00' AIRFLOW_CTX_TRY_NUMBER='1' AIRFLOW_CTX_DAG_RUN_ID='manual__2026-06-10T20:23:16.202398+00:00'
[2026-06-10T20:23:35.281+0000] {ingest_matches_dag.py:154} INFO - Uploaded matches/matches_parquet_2026-06-10/._SUCCESS.crc
[2026-06-10T20:23:35.406+0000] {ingest_matches_dag.py:154} INFO - Uploaded matches/matches_parquet_2026-06-10/_SUCCESS
[2026-06-10T20:23:35.536+0000] {ingest_matches_dag.py:154} INFO - Uploaded matches/matches_parquet_2026-06-10/year=2025/month=10/part-00000-b807d5fd-c9da-400a-ba0a-295bf50e8e6a.c000.snappy.parquet
[2026-06-10T20:23:35.657+0000] {ingest_matches_dag.py:154} INFO - Uploaded matches/matches_parquet_2026-06-10/year=2025/month=10/.part-00000-b807d5fd-c9da-400a-ba0a-295bf50e8e6a.c000.snappy.parquet.crc
[2026-06-10T20:23:35.775+0000] {ingest_matches_dag.py:154} INFO - Uploaded matches/matches_parquet_2026-06-10/year=2025/month=11/part-00000-b807d5fd-c9da-400a-ba0a-295bf50e8e6a.c000.snappy.parquet
[2026-06-10T20:23:35.900+0000] {ingest_matches_dag.py:154} INFO - Uploaded matches/matches_parquet_2026-06-10/year=2025/month=11/.part-00000-b807d5fd-c9da-400a-ba0a-295bf50e8e6a.c000.snappy.parquet.crc
[2026-06-10T20:23:36.024+0000] {ingest_matches_dag.py:154} INFO - Uploaded matches/matches_parquet_2026-06-10/year=2025/month=12/part-00000-b807d5fd-c9da-400a-ba0a-295bf50e8e6a.c000.snappy.parquet
[2026-06-10T20:23:36.151+0000] {ingest_matches_dag.py:154} INFO - Uploaded matches/matches_parquet_2026-06-10/year=2025/month=12/.part-00000-b807d5fd-c9da-400a-ba0a-295bf50e8e6a.c000.snappy.parquet.crc
[2026-06-10T20:23:36.267+0000] {ingest_matches_dag.py:154} INFO - Uploaded matches/matches_parquet_2026-06-10/year=2025/month=8/part-00000-b807d5fd-c9da-400a-ba0a-295bf50e8e6a.c000.snappy.parquet
[2026-06-10T20:23:36.380+0000] {ingest_matches_dag.py:154} INFO - Uploaded matches/matches_parquet_2026-06-10/year=2025/month=8/.part-00000-b807d5fd-c9da-400a-ba0a-295bf50e8e6a.c000.snappy.parquet.crc
[2026-06-10T20:23:36.500+0000] {ingest_matches_dag.py:154} INFO - Uploaded matches/matches_parquet_2026-06-10/year=2025/month=9/part-00000-b807d5fd-c9da-400a-ba0a-295bf50e8e6a.c000.snappy.parquet
[2026-06-10T20:23:36.604+0000] {ingest_matches_dag.py:154} INFO - Uploaded matches/matches_parquet_2026-06-10/year=2025/month=9/.part-00000-b807d5fd-c9da-400a-ba0a-295bf50e8e6a.c000.snappy.parquet.crc
[2026-06-10T20:23:36.721+0000] {ingest_matches_dag.py:154} INFO - Uploaded matches/matches_parquet_2026-06-10/year=2026/month=2/part-00000-b807d5fd-c9da-400a-ba0a-295bf50e8e6a.c000.snappy.parquet
[2026-06-10T20:23:36.826+0000] {ingest_matches_dag.py:154} INFO - Uploaded matches/matches_parquet_2026-06-10/year=2026/month=2/.part-00000-b807d5fd-c9da-400a-ba0a-295bf50e8e6a.c000.snappy.parquet.crc
[2026-06-10T20:23:36.940+0000] {ingest_matches_dag.py:154} INFO - Uploaded matches/matches_parquet_2026-06-10/year=2026/month=4/part-00000-b807d5fd-c9da-400a-ba0a-295bf50e8e6a.c000.snappy.parquet
[2026-06-10T20:23:37.056+0000] {ingest_matches_dag.py:154} INFO - Uploaded matches/matches_parquet_2026-06-10/year=2026/month=4/.part-00000-b807d5fd-c9da-400a-ba0a-295bf50e8e6a.c000.snappy.parquet.crc
[2026-06-10T20:23:37.180+0000] {ingest_matches_dag.py:154} INFO - Uploaded matches/matches_parquet_2026-06-10/year=2026/month=1/part-00000-b807d5fd-c9da-400a-ba0a-295bf50e8e6a.c000.snappy.parquet
[2026-06-10T20:23:37.288+0000] {ingest_matches_dag.py:154} INFO - Uploaded matches/matches_parquet_2026-06-10/year=2026/month=1/.part-00000-b807d5fd-c9da-400a-ba0a-295bf50e8e6a.c000.snappy.parquet.crc
[2026-06-10T20:23:37.405+0000] {ingest_matches_dag.py:154} INFO - Uploaded matches/matches_parquet_2026-06-10/year=2026/month=3/part-00000-b807d5fd-c9da-400a-ba0a-295bf50e8e6a.c000.snappy.parquet
[2026-06-10T20:23:37.507+0000] {ingest_matches_dag.py:154} INFO - Uploaded matches/matches_parquet_2026-06-10/year=2026/month=3/.part-00000-b807d5fd-c9da-400a-ba0a-295bf50e8e6a.c000.snappy.parquet.crc
[2026-06-10T20:23:37.618+0000] {ingest_matches_dag.py:154} INFO - Uploaded matches/matches_parquet_2026-06-10/year=2026/month=5/part-00000-b807d5fd-c9da-400a-ba0a-295bf50e8e6a.c000.snappy.parquet
[2026-06-10T20:23:37.735+0000] {ingest_matches_dag.py:154} INFO - Uploaded matches/matches_parquet_2026-06-10/year=2026/month=5/.part-00000-b807d5fd-c9da-400a-ba0a-295bf50e8e6a.c000.snappy.parquet.crc
[2026-06-10T20:23:37.736+0000] {python.py:201} INFO - Done. Returned value was: None
[2026-06-10T20:23:37.749+0000] {taskinstance.py:1138} INFO - Marking task as SUCCESS. dag_id=ingest_football_matches, task_id=upload_parquet_to_gcs, execution_date=20260610T202316, start_date=20260610T202334, end_date=20260610T202337
[2026-06-10T20:23:37.781+0000] {local_task_job_runner.py:234} INFO - Task exited with return code 0
[2026-06-10T20:23:37.805+0000] {taskinstance.py:3280} INFO - 1 downstream tasks scheduled from follow-on schedule check
