[2026-06-10T19:07:06.606+0000] {taskinstance.py:1956} INFO - Dependencies all met for dep_context=non-requeueable deps ti=<TaskInstance: ingest_football_matches.upload_to_gcs manual__2026-06-10T19:07:02.862926+00:00 [queued]>
[2026-06-10T19:07:06.616+0000] {taskinstance.py:1956} INFO - Dependencies all met for dep_context=requeueable deps ti=<TaskInstance: ingest_football_matches.upload_to_gcs manual__2026-06-10T19:07:02.862926+00:00 [queued]>
[2026-06-10T19:07:06.617+0000] {taskinstance.py:2170} INFO - Starting attempt 1 of 4
[2026-06-10T19:07:06.627+0000] {taskinstance.py:2191} INFO - Executing <Task(PythonOperator): upload_to_gcs> on 2026-06-10 19:07:02.862926+00:00
[2026-06-10T19:07:06.632+0000] {standard_task_runner.py:60} INFO - Started process 190 to run task
[2026-06-10T19:07:06.635+0000] {standard_task_runner.py:87} INFO - Running: ['***', 'tasks', 'run', 'ingest_football_matches', 'upload_to_gcs', 'manual__2026-06-10T19:07:02.862926+00:00', '--job-id', '6', '--raw', '--subdir', 'DAGS_FOLDER/ingest_matches_dag.py', '--cfg-path', '/tmp/tmpkvzo38e8']
[2026-06-10T19:07:06.636+0000] {standard_task_runner.py:88} INFO - Job 6: Subtask upload_to_gcs
[2026-06-10T19:07:06.683+0000] {task_command.py:423} INFO - Running <TaskInstance: ingest_football_matches.upload_to_gcs manual__2026-06-10T19:07:02.862926+00:00 [running]> on host 18e90a2b6b81
[2026-06-10T19:07:06.755+0000] {taskinstance.py:2480} INFO - Exporting env vars: AIRFLOW_CTX_DAG_OWNER='teeradon' AIRFLOW_CTX_DAG_ID='ingest_football_matches' AIRFLOW_CTX_TASK_ID='upload_to_gcs' AIRFLOW_CTX_EXECUTION_DATE='2026-06-10T19:07:02.862926+00:00' AIRFLOW_CTX_TRY_NUMBER='1' AIRFLOW_CTX_DAG_RUN_ID='manual__2026-06-10T19:07:02.862926+00:00'
[2026-06-10T19:07:07.020+0000] {taskinstance.py:2698} ERROR - Task failed with exception
Traceback (most recent call last):
  File "/home/airflow/.local/lib/python3.8/site-packages/airflow/models/taskinstance.py", line 433, in _execute_task
    result = execute_callable(context=context, **execute_callable_kwargs)
  File "/home/airflow/.local/lib/python3.8/site-packages/airflow/operators/python.py", line 199, in execute
    return_value = self.execute_callable()
  File "/home/airflow/.local/lib/python3.8/site-packages/airflow/operators/python.py", line 216, in execute_callable
    return self.python_callable(*self.op_args, **self.op_kwargs)
  File "/opt/airflow/dags/ingest_matches_dag.py", line 96, in upload_to_gcs
    client = storage.Client()
  File "/home/airflow/.local/lib/python3.8/site-packages/google/cloud/storage/client.py", line 172, in __init__
    super(Client, self).__init__(
  File "/home/airflow/.local/lib/python3.8/site-packages/google/cloud/client/__init__.py", line 320, in __init__
    _ClientProjectMixin.__init__(self, project=project, credentials=credentials)
  File "/home/airflow/.local/lib/python3.8/site-packages/google/cloud/client/__init__.py", line 268, in __init__
    project = self._determine_default(project)
  File "/home/airflow/.local/lib/python3.8/site-packages/google/cloud/client/__init__.py", line 287, in _determine_default
    return _determine_default_project(project)
  File "/home/airflow/.local/lib/python3.8/site-packages/google/cloud/_helpers/__init__.py", line 152, in _determine_default_project
    _, project = google.auth.default()
  File "/home/airflow/.local/lib/python3.8/site-packages/google/auth/_default.py", line 657, in default
    credentials, project_id = checker()
  File "/home/airflow/.local/lib/python3.8/site-packages/google/auth/_default.py", line 650, in <lambda>
    lambda: _get_explicit_environ_credentials(quota_project_id=quota_project_id),
  File "/home/airflow/.local/lib/python3.8/site-packages/google/auth/_default.py", line 267, in _get_explicit_environ_credentials
    return _get_gcloud_sdk_credentials(quota_project_id=quota_project_id)
  File "/home/airflow/.local/lib/python3.8/site-packages/google/auth/_default.py", line 237, in _get_gcloud_sdk_credentials
    credentials, project_id = load_credentials_from_file(
  File "/home/airflow/.local/lib/python3.8/site-packages/google/auth/_default.py", line 118, in load_credentials_from_file
    with io.open(filename, "r") as file_obj:
PermissionError: [Errno 13] Permission denied: '/home/airflow/.config/gcloud/application_default_credentials.json'
[2026-06-10T19:07:07.031+0000] {taskinstance.py:1138} INFO - Marking task as UP_FOR_RETRY. dag_id=ingest_football_matches, task_id=upload_to_gcs, execution_date=20260610T190702, start_date=20260610T190706, end_date=20260610T190707
[2026-06-10T19:07:07.044+0000] {standard_task_runner.py:107} ERROR - Failed to execute job 6 for task upload_to_gcs ([Errno 13] Permission denied: '/home/airflow/.config/gcloud/application_default_credentials.json'; 190)
[2026-06-10T19:07:07.055+0000] {local_task_job_runner.py:234} INFO - Task exited with return code 1
[2026-06-10T19:07:07.074+0000] {taskinstance.py:3280} INFO - 0 downstream tasks scheduled from follow-on schedule check
