[2026-06-10T19:54:45.678+0000] {taskinstance.py:1956} INFO - Dependencies all met for dep_context=non-requeueable deps ti=<TaskInstance: ingest_football_matches.spark_clean_matches manual__2026-06-10T19:49:04.000735+00:00 [queued]>
[2026-06-10T19:54:45.687+0000] {taskinstance.py:1956} INFO - Dependencies all met for dep_context=requeueable deps ti=<TaskInstance: ingest_football_matches.spark_clean_matches manual__2026-06-10T19:49:04.000735+00:00 [queued]>
[2026-06-10T19:54:45.687+0000] {taskinstance.py:2170} INFO - Starting attempt 2 of 4
[2026-06-10T19:54:45.700+0000] {taskinstance.py:2191} INFO - Executing <Task(PythonOperator): spark_clean_matches> on 2026-06-10 19:49:04.000735+00:00
[2026-06-10T19:54:45.707+0000] {standard_task_runner.py:60} INFO - Started process 181 to run task
[2026-06-10T19:54:45.711+0000] {standard_task_runner.py:87} INFO - Running: ['***', 'tasks', 'run', 'ingest_football_matches', 'spark_clean_matches', 'manual__2026-06-10T19:49:04.000735+00:00', '--job-id', '22', '--raw', '--subdir', 'DAGS_FOLDER/ingest_matches_dag.py', '--cfg-path', '/tmp/tmpkcqte99d']
[2026-06-10T19:54:45.713+0000] {standard_task_runner.py:88} INFO - Job 22: Subtask spark_clean_matches
[2026-06-10T19:54:45.761+0000] {task_command.py:423} INFO - Running <TaskInstance: ingest_football_matches.spark_clean_matches manual__2026-06-10T19:49:04.000735+00:00 [running]> on host 449c9703e1e2
[2026-06-10T19:54:45.849+0000] {taskinstance.py:2480} INFO - Exporting env vars: AIRFLOW_CTX_DAG_OWNER='teeradon' AIRFLOW_CTX_DAG_ID='ingest_football_matches' AIRFLOW_CTX_TASK_ID='spark_clean_matches' AIRFLOW_CTX_EXECUTION_DATE='2026-06-10T19:49:04.000735+00:00' AIRFLOW_CTX_TRY_NUMBER='2' AIRFLOW_CTX_DAG_RUN_ID='manual__2026-06-10T19:49:04.000735+00:00'
[2026-06-10T19:54:46.063+0000] {taskinstance.py:2698} ERROR - Task failed with exception
Traceback (most recent call last):
  File "/home/airflow/.local/lib/python3.8/site-packages/airflow/models/taskinstance.py", line 433, in _execute_task
    result = execute_callable(context=context, **execute_callable_kwargs)
  File "/home/airflow/.local/lib/python3.8/site-packages/airflow/operators/python.py", line 199, in execute
    return_value = self.execute_callable()
  File "/home/airflow/.local/lib/python3.8/site-packages/airflow/operators/python.py", line 216, in execute_callable
    return self.python_callable(*self.op_args, **self.op_kwargs)
  File "/opt/airflow/dags/ingest_matches_dag.py", line 176, in run_spark_job
    spark = SparkSession.builder \
  File "/home/airflow/.local/lib/python3.8/site-packages/pyspark/sql/session.py", line 497, in getOrCreate
    sc = SparkContext.getOrCreate(sparkConf)
  File "/home/airflow/.local/lib/python3.8/site-packages/pyspark/context.py", line 515, in getOrCreate
    SparkContext(conf=conf or SparkConf())
  File "/home/airflow/.local/lib/python3.8/site-packages/pyspark/context.py", line 201, in __init__
    SparkContext._ensure_initialized(self, gateway=gateway, conf=conf)
  File "/home/airflow/.local/lib/python3.8/site-packages/pyspark/context.py", line 436, in _ensure_initialized
    SparkContext._gateway = gateway or launch_gateway(conf)
  File "/home/airflow/.local/lib/python3.8/site-packages/pyspark/java_gateway.py", line 107, in launch_gateway
    raise PySparkRuntimeError(
pyspark.errors.exceptions.base.PySparkRuntimeError: [JAVA_GATEWAY_EXITED] Java gateway process exited before sending its port number.
[2026-06-10T19:54:46.075+0000] {taskinstance.py:1138} INFO - Marking task as UP_FOR_RETRY. dag_id=ingest_football_matches, task_id=spark_clean_matches, execution_date=20260610T194904, start_date=20260610T195445, end_date=20260610T195446
[2026-06-10T19:54:46.088+0000] {standard_task_runner.py:107} ERROR - Failed to execute job 22 for task spark_clean_matches ([JAVA_GATEWAY_EXITED] Java gateway process exited before sending its port number.; 181)
[2026-06-10T19:54:46.125+0000] {local_task_job_runner.py:234} INFO - Task exited with return code 1
[2026-06-10T19:54:46.146+0000] {taskinstance.py:3280} INFO - 0 downstream tasks scheduled from follow-on schedule check
